// Jest Snapshot v1, https://goo.gl/fbAQLP

exports[`Carousel Landing to exist 1`] = `<div />`;
