// Jest Snapshot v1, https://goo.gl/fbAQLP

exports[`this tests landing to match snapshot 1`] = `
<div>
   this iddsnt working! 
</div>
`;
